// Jest Snapshot v1, https://goo.gl/fbAQLP

exports[`renders properly 1`] = `
<div
  className="d-flex flex-column align-items-center container"
>
  <img
    className="timerColonStyles rounded-circle"
    src="dot.svg"
  />
  <img
    className="timerColonStyles rounded-circle"
    src="dot.svg"
  />
</div>
`;
